Archive member included to satisfy reference by file (symbol)

/home/archimage/fsl-release-bsp/core-image-minimal/tmp/sysroots/imx6ulevk/usr/lib/arm-poky-linux-gnueabi/5.3.0/libgcc.a(_udivsi3.o)
                              arch/arm/cpu/armv7/built-in.o (__aeabi_uidiv)
/home/archimage/fsl-release-bsp/core-image-minimal/tmp/sysroots/imx6ulevk/usr/lib/arm-poky-linux-gnueabi/5.3.0/libgcc.a(_divsi3.o)
                              cmd/built-in.o (__aeabi_idiv)
/home/archimage/fsl-release-bsp/core-image-minimal/tmp/sysroots/imx6ulevk/usr/lib/arm-poky-linux-gnueabi/5.3.0/libgcc.a(_lshrdi3.o)
                              drivers/mtd/nand/built-in.o (__aeabi_llsr)
/home/archimage/fsl-release-bsp/core-image-minimal/tmp/sysroots/imx6ulevk/usr/lib/arm-poky-linux-gnueabi/5.3.0/libgcc.a(_ashrdi3.o)
                              drivers/mtd/nand/built-in.o (__aeabi_lasr)
/home/archimage/fsl-release-bsp/core-image-minimal/tmp/sysroots/imx6ulevk/usr/lib/arm-poky-linux-gnueabi/5.3.0/libgcc.a(_ashldi3.o)
                              drivers/mmc/built-in.o (__aeabi_llsl)
/home/archimage/fsl-release-bsp/core-image-minimal/tmp/sysroots/imx6ulevk/usr/lib/arm-poky-linux-gnueabi/5.3.0/libgcc.a(_dvmd_lnx.o)
                              /home/archimage/fsl-release-bsp/core-image-minimal/tmp/sysroots/imx6ulevk/usr/lib/arm-poky-linux-gnueabi/5.3.0/libgcc.a(_udivsi3.o) (__aeabi_idiv0)

Discarded input sections

 .data          0x0000000000000000        0x0 arch/arm/cpu/armv7/start.o
 .bss           0x0000000000000000        0x0 arch/arm/cpu/armv7/start.o
 .text.v7_arch_cp15_set_l2aux_ctrl
                0x0000000000000000        0x8 arch/arm/cpu/armv7/built-in.o
 .text.v7_arch_cp15_set_acr
                0x0000000000000000        0x8 arch/arm/cpu/armv7/built-in.o
 .text.sdelay   0x0000000000000000        0xc arch/arm/cpu/armv7/built-in.o
 .text.wait_on_value
                0x0000000000000000       0x34 arch/arm/cpu/armv7/built-in.o
 .text.get_nr_cpus
                0x0000000000000000       0x10 arch/arm/cpu/armv7/built-in.o
 .text.get_boot_device
                0x0000000000000000       0x9c arch/arm/cpu/armv7/built-in.o
 .text.enable_uart_clk
                0x0000000000000000       0x54 arch/arm/cpu/armv7/built-in.o
 .text.enable_usdhc_clk
                0x0000000000000000       0x4c arch/arm/cpu/armv7/built-in.o
 .text.enable_spi_clk
                0x0000000000000000       0x44 arch/arm/cpu/armv7/built-in.o
 .text.enable_lvds_bridge
                0x0000000000000000      0x15c arch/arm/cpu/armv7/built-in.o
 .text.enable_ipu_clock
                0x0000000000000000       0x90 arch/arm/cpu/armv7/built-in.o
 .text.mx6_ecspi_fused
                0x0000000000000000       0x64 arch/arm/cpu/armv7/built-in.o
 .text.mx6_uart_fused
                0x0000000000000000       0xd4 arch/arm/cpu/armv7/built-in.o
 .text.mx6_qspi_fused
                0x0000000000000000        0x8 arch/arm/cpu/armv7/built-in.o
 .data          0x0000000000000000        0x0 arch/arm/cpu/armv7/built-in.o
 .bss           0x0000000000000000        0x0 arch/arm/cpu/armv7/built-in.o
 .text          0x0000000000000000        0x0 arch/arm/imx-common/built-in.o
 .text.imx_iomux_set_gpr_register
                0x0000000000000000       0x3c arch/arm/imx-common/built-in.o
 .text.get_imx_reset_cause
                0x0000000000000000       0x10 arch/arm/imx-common/built-in.o
 .text.set_chipselect_size
                0x0000000000000000       0x84 arch/arm/imx-common/built-in.o
 .text.usec2ticks
                0x0000000000000000       0x60 arch/arm/imx-common/built-in.o
 .data          0x0000000000000000        0x0 arch/arm/imx-common/built-in.o
 .bss           0x0000000000000000        0x0 arch/arm/imx-common/built-in.o
 .text.reset_misc
                0x0000000000000000        0x4 arch/arm/lib/built-in.o
 .text.enable_caches
                0x0000000000000000        0xc arch/arm/lib/built-in.o
 .text.invalidate_dcache_range
                0x0000000000000000        0x4 arch/arm/lib/built-in.o
 .text.flush_dcache_range
                0x0000000000000000        0x4 arch/arm/lib/built-in.o
 .text.flush_dcache_all
                0x0000000000000000        0xc arch/arm/lib/built-in.o
 .text.arm_init_before_mmu
                0x0000000000000000        0x4 arch/arm/lib/built-in.o
 .text.mmu_page_table_flush
                0x0000000000000000        0x4 arch/arm/lib/built-in.o
 .data          0x0000000000000000        0x0 arch/arm/lib/built-in.o
 .__secure_start
                0x0000000000000000        0x0 arch/arm/lib/built-in.o
 .__secure_end  0x0000000000000000        0x0 arch/arm/lib/built-in.o
 .bss           0x0000000000000000        0x0 arch/arm/lib/built-in.o
 .text          0x0000000000000000        0x0 board/freescale/common/built-in.o
 .text.mmc_map_to_kernel_blk
                0x0000000000000000        0x4 board/freescale/common/built-in.o
 .text.board_late_mmc_env_init
                0x0000000000000000       0x9c board/freescale/common/built-in.o
[...]
Memory Configuration

Name             Origin             Length             Attributes
*default*        0x0000000000000000 0xffffffffffffffff

Linker script and memory map

Address of section .text set to 0x87800000
                0x0000000000000000                . = 0x0
                0x0000000000000000                . = ALIGN (0x4)

.text           0x0000000087800000    0x44b0c
 *(.__image_copy_start)
 .__image_copy_start
                0x0000000087800000        0x0 arch/arm/lib/built-in.o
                0x0000000087800000                __image_copy_start
 *(.vectors)
 .vectors       0x0000000087800000      0x2e8 arch/arm/lib/built-in.o
                0x0000000087800000                _start
                0x0000000087800020                _undefined_instruction
                0x0000000087800024                _software_interrupt
                0x0000000087800028                _prefetch_abort
                0x000000008780002c                _data_abort
                0x0000000087800030                _not_used
                0x0000000087800034                _irq
                0x0000000087800038                _fiq
                0x0000000087800040                IRQ_STACK_START_IN
 arch/arm/cpu/armv7/start.o(.text*)
 .text          0x00000000878002e8       0xb0 arch/arm/cpu/armv7/start.o
                0x00000000878002e8                reset
                0x00000000878002ec                save_boot_params_ret
                0x0000000087800328                c_runtime_cpu_setup
                0x0000000087800338                save_boot_params
                0x000000008780033c                cpu_init_cp15
                0x0000000087800390                cpu_init_crit
 *(.text*)
 .text          0x0000000087800398       0x24 arch/arm/cpu/armv7/built-in.o
                0x0000000087800398                lowlevel_init
 .text.v7_maint_dcache_all
                0x00000000878003bc       0xd0 arch/arm/cpu/armv7/built-in.o
 .text.invalidate_icache_all
                0x000000008780048c       0x18 arch/arm/cpu/armv7/built-in.o
                0x000000008780048c                invalidate_icache_all
 .text.v7_outer_cache_enable
                0x00000000878004a4        0x4 arch/arm/cpu/armv7/built-in.o
                0x00000000878004a4                v7_outer_cache_enable
 .text.v7_outer_cache_disable
                0x00000000878004a8        0x4 arch/arm/cpu/armv7/built-in.o
                0x00000000878004a8                v7_outer_cache_disable
 .text.v7_outer_cache_flush_all
                0x00000000878004ac        0x4 arch/arm/cpu/armv7/built-in.o
                0x00000000878004ac                v7_outer_cache_flush_all
 .text.flush_dcache_all
                0x00000000878004b0       0x14 arch/arm/cpu/armv7/built-in.o
                0x00000000878004b0                flush_dcache_all
 .text.v7_outer_cache_inval_all
                0x00000000878004c4        0x4 arch/arm/cpu/armv7/built-in.o
                0x00000000878004c4                v7_outer_cache_inval_all
 .text.invalidate_dcache_all
                0x00000000878004c8       0x14 arch/arm/cpu/armv7/built-in.o
                0x00000000878004c8                invalidate_dcache_all
 .text.arm_init_before_mmu
                0x00000000878004dc       0x28 arch/arm/cpu/armv7/built-in.o
                0x00000000878004dc                arm_init_before_mmu
 .text.v7_outer_cache_flush_range
                0x0000000087800504        0x4 arch/arm/cpu/armv7/built-in.o
                0x0000000087800504                v7_outer_cache_flush_range
 .text.flush_dcache_range
                0x0000000087800508       0x38 arch/arm/cpu/armv7/built-in.o
                0x0000000087800508                flush_dcache_range
 .text.mmu_page_table_flush
                0x0000000087800540       0x24 arch/arm/cpu/armv7/built-in.o
                0x0000000087800540                mmu_page_table_flush
 .text.v7_outer_cache_inval_range
                0x0000000087800564        0x4 arch/arm/cpu/armv7/built-in.o
                0x0000000087800564                v7_outer_cache_inval_range
 .text.invalidate_dcache_range
                0x0000000087800568       0xa8 arch/arm/cpu/armv7/built-in.o
                0x0000000087800568                invalidate_dcache_range
 .text.cpu_cache_initialization
                0x0000000087800610        0x4 arch/arm/cpu/armv7/built-in.o
                0x0000000087800610                cpu_cache_initialization
 .text.cleanup_before_linux_select
                0x0000000087800614       0x4c arch/arm/cpu/armv7/built-in.o
                0x0000000087800614                cleanup_before_linux_select
 .text.cleanup_before_linux
                0x0000000087800660        0x8 arch/arm/cpu/armv7/built-in.o
                0x0000000087800660                cleanup_before_linux
 .text.get_cpu_rev
                0x0000000087800668       0x90 arch/arm/cpu/armv7/built-in.o
                0x0000000087800668                get_cpu_rev
 .text.get_cpu_speed_grade_hz
                0x00000000878006f8      0x128 arch/arm/cpu/armv7/built-in.o
                0x00000000878006f8                get_cpu_speed_grade_hz
 .text.get_cpu_temp_grade
                0x0000000087800820       0x68 arch/arm/cpu/armv7/built-in.o
                0x0000000087800820                get_cpu_temp_grade
 .text.get_board_rev
                0x0000000087800888       0x40 arch/arm/cpu/armv7/built-in.o
                0x0000000087800888                get_board_rev
 .text.arch_cpu_init
                0x00000000878008c8      0x32c arch/arm/cpu/armv7/built-in.o
                0x00000000878008c8                arch_cpu_init
 .text.board_postclk_init
                0x0000000087800bf4       0x58 arch/arm/cpu/armv7/built-in.o
                0x0000000087800bf4                board_postclk_init
 .text.imx_get_mac_from_fuse
                0x0000000087800c4c       0xb8 arch/arm/cpu/armv7/built-in.o
                0x0000000087800c4c                imx_get_mac_from_fuse
 .text.set_wdog_reset
                0x0000000087800d04       0x18 arch/arm/cpu/armv7/built-in.o
                0x0000000087800d04                set_wdog_reset
 .text.reset_misc
                0x0000000087800d1c        0x4 arch/arm/cpu/armv7/built-in.o
                0x0000000087800d1c                reset_misc
 .text.s_init   0x0000000087800d20       0x98 arch/arm/cpu/armv7/built-in.o
                0x0000000087800d20                s_init
 .text.get_ipg_clk
                0x0000000087800db8       0x28 arch/arm/cpu/armv7/built-in.o
 .text.enable_pll_video.constprop.0
                0x0000000087800de0      0x100 arch/arm/cpu/armv7/built-in.o
 .text.get_uart_clk
                0x0000000087800ee0       0xc8 arch/arm/cpu/armv7/built-in.o
 .text.mxc_get_pll_pfd
                0x0000000087800fa8       0xd4 arch/arm/cpu/armv7/built-in.o
 .text.get_usdhc_clk
                0x000000008780107c       0x8c arch/arm/cpu/armv7/built-in.o
 .text.enable_ocotp_clk
                0x0000000087801108       0x24 arch/arm/cpu/armv7/built-in.o
                0x0000000087801108                enable_ocotp_clk
 .text.setup_gpmi_io_clk
                0x000000008780112c       0x4c arch/arm/cpu/armv7/built-in.o
                0x000000008780112c                setup_gpmi_io_clk
 .text.enable_usboh3_clk
                0x0000000087801178       0x24 arch/arm/cpu/armv7/built-in.o
                0x0000000087801178                enable_usboh3_clk
 .text.enable_enet_clk
                0x000000008780119c       0x64 arch/arm/cpu/armv7/built-in.o
                0x000000008780119c                enable_enet_clk
 .text.enable_i2c_clk
                0x0000000087801200       0xb8 arch/arm/cpu/armv7/built-in.o
                0x0000000087801200                enable_i2c_clk
 .text.get_periph_clk
                0x00000000878012b8       0xdc arch/arm/cpu/armv7/built-in.o
                0x00000000878012b8                get_periph_clk
 .text.get_axi_clk
                0x0000000087801394       0x4c arch/arm/cpu/armv7/built-in.o
 .text.mxs_set_lcdclk
                0x00000000878013e0      0x2c0 arch/arm/cpu/armv7/built-in.o
                0x00000000878013e0                mxs_set_lcdclk
 .text.enable_lcdif_clock
                0x00000000878016a0      0x130 arch/arm/cpu/armv7/built-in.o
                0x00000000878016a0                enable_lcdif_clock
 .text.enable_fec_anatop_clock
                0x00000000878017d0       0xf4 arch/arm/cpu/armv7/built-in.o
                0x00000000878017d0                enable_fec_anatop_clock
 .text.imx_get_uartclk
                0x00000000878018c4        0x4 arch/arm/cpu/armv7/built-in.o
                0x00000000878018c4                imx_get_uartclk
 .text.enable_thermal_clk
                0x00000000878018c8       0x48 arch/arm/cpu/armv7/built-in.o
                0x00000000878018c8                enable_thermal_clk
 .text.mxc_get_clock
                0x0000000087801910      0x470 arch/arm/cpu/armv7/built-in.o
                0x0000000087801910                mxc_get_clock
 .text.imx_get_fecclk
                0x0000000087801d80        0x8 arch/arm/cpu/armv7/built-in.o
                0x0000000087801d80                imx_get_fecclk
 .text.do_mx6_showclocks
                0x0000000087801d88      0x230 arch/arm/cpu/armv7/built-in.o
                0x0000000087801d88                do_mx6_showclocks
 .text.check_module_fused
                0x0000000087801fb8       0x68 arch/arm/cpu/armv7/built-in.o
                0x0000000087801fb8                check_module_fused
 .text.ft_system_setup
                0x0000000087802020       0xf4 arch/arm/cpu/armv7/built-in.o
                0x0000000087802020                ft_system_setup
 .text.mx6_esdhc_fused
                0x0000000087802114       0x64 arch/arm/cpu/armv7/built-in.o
                0x0000000087802114                mx6_esdhc_fused
 .text.mx6_usb_fused
                0x0000000087802178       0x14 arch/arm/cpu/armv7/built-in.o
                0x0000000087802178                mx6_usb_fused
 .text.mx6_i2c_fused
                0x000000008780218c       0x64 arch/arm/cpu/armv7/built-in.o
                0x000000008780218c                mx6_i2c_fused
 .text.mx6_enet_fused
                0x00000000878021f0       0x34 arch/arm/cpu/armv7/built-in.o
                0x00000000878021f0                mx6_enet_fused
 .text.imx_iomux_v3_setup_pad
                0x0000000087802224       0xf0 arch/arm/imx-common/built-in.o
                0x0000000087802224                imx_iomux_v3_setup_pad
 .text.imx_iomux_v3_setup_multiple_pads
                0x0000000087802314       0x2c arch/arm/imx-common/built-in.o
                0x0000000087802314                imx_iomux_v3_setup_multiple_pads
 .text.imx_ddr_size
                0x0000000087802340       0x64 arch/arm/imx-common/built-in.o
                0x0000000087802340                imx_ddr_size
 .text.get_imx_type
                0x00000000878023a4       0x20 arch/arm/imx-common/built-in.o
                0x00000000878023a4                get_imx_type
 .text.print_cpuinfo
                0x00000000878023c4      0x228 arch/arm/imx-common/built-in.o
                0x00000000878023c4                print_cpuinfo
 .text.cpu_eth_init
                0x00000000878025ec        0x4 arch/arm/imx-common/built-in.o
                0x00000000878025ec                cpu_eth_init
 .text.cpu_mmc_init
                0x00000000878025f0        0x4 arch/arm/imx-common/built-in.o
                0x00000000878025f0                cpu_mmc_init
 .text.get_ahb_clk
                0x00000000878025f4       0x24 arch/arm/imx-common/built-in.o
                0x00000000878025f4                get_ahb_clk
 .text.arch_preboot_os
                0x0000000087802618        0x4 arch/arm/imx-common/built-in.o
                0x0000000087802618                arch_preboot_os
 .text.get_clocks
                0x000000008780261c       0x1c arch/arm/imx-common/built-in.o
                0x000000008780261c                get_clocks
 .text.force_idle_bus
                0x0000000087802638      0x1c4 arch/arm/imx-common/built-in.o
                0x0000000087802638                force_idle_bus
 .text.setup_i2c
                0x00000000878027fc       0xe4 arch/arm/imx-common/built-in.o
                0x00000000878027fc                setup_i2c
 .text.mxs_wait_mask_set
                0x00000000878028e0       0x3c arch/arm/imx-common/built-in.o
                0x00000000878028e0                mxs_wait_mask_set
 .text.mxs_wait_mask_clr
                0x000000008780291c       0x3c arch/arm/imx-common/built-in.o
                0x000000008780291c                mxs_wait_mask_clr
 .text.mxs_reset_block
                0x0000000087802958       0x90 arch/arm/imx-common/built-in.o
                0x0000000087802958                mxs_reset_block
 .text.enable_caches
                0x00000000878029e8       0x34 arch/arm/imx-common/built-in.o
                0x00000000878029e8                enable_caches
 .text.init_aips
                0x0000000087802a1c       0xc0 arch/arm/imx-common/built-in.o
                0x0000000087802a1c                init_aips
 .text.imx_set_wdog_powerdown
                0x0000000087802adc       0xa0 arch/arm/imx-common/built-in.o
                0x0000000087802adc                imx_set_wdog_powerdown
 .text.init_src
                0x0000000087802b7c       0x18 arch/arm/imx-common/built-in.o
                0x0000000087802b7c                init_src
 .text.boot_mode_apply
                0x0000000087802b94       0x24 arch/arm/imx-common/built-in.o
                0x0000000087802b94                boot_mode_apply
 .text.board_video_skip
                0x0000000087802bb8      0x1a0 arch/arm/imx-common/built-in.o
                0x0000000087802bb8                board_video_skip
 .text.timer_init
                0x0000000087802d58       0x3c arch/arm/imx-common/built-in.o
                0x0000000087802d58                timer_init
 .text.get_ticks
                0x0000000087802d94       0x18 arch/arm/imx-common/built-in.o
                0x0000000087802d94                get_ticks
 .text.get_timer_masked
                0x0000000087802dac       0x58 arch/arm/imx-common/built-in.o
                0x0000000087802dac                get_timer_masked
 .text.get_timer
                0x0000000087802e04       0x14 arch/arm/imx-common/built-in.o
                0x0000000087802e04                get_timer
 .text.__udelay
                0x0000000087802e18       0x88 arch/arm/imx-common/built-in.o
                0x0000000087802e18                __udelay
 .text.get_tbclk
                0x0000000087802ea0        0x8 arch/arm/imx-common/built-in.o
                0x0000000087802ea0                get_tbclk
 .text.create_usage
                0x0000000087802ea8       0xac arch/arm/imx-common/built-in.o
 .text.do_boot_mode
                0x0000000087802f54       0xd4 arch/arm/imx-common/built-in.o
 .text.add_board_boot_modes
                0x0000000087803028       0x60 arch/arm/imx-common/built-in.o
                0x0000000087803028                add_board_boot_modes
 .text          0x0000000087803088       0x90 arch/arm/lib/built-in.o
                0x0000000087803088                _main
 .text.relocate_vectors
                0x0000000087803118       0x70 arch/arm/lib/built-in.o
                0x0000000087803118                relocate_vectors
                0x0000000087803124                relocate_code
 .text.arch_fixup_fdt
                0x0000000087803188       0x38 arch/arm/lib/built-in.o
                0x0000000087803188                arch_fixup_fdt
 .text.boot_jump_linux
                0x00000000878031c0       0xc4 arch/arm/lib/built-in.o
 .text.arch_lmb_reserve
                0x0000000087803284       0x24 arch/arm/lib/built-in.o
                0x0000000087803284                arch_lmb_reserve
 .text.setup_board_tags
                0x00000000878032a8        0x4 arch/arm/lib/built-in.o
                0x00000000878032a8                setup_board_tags
 .text.boot_prep_linux
                0x00000000878032ac      0x1d4 arch/arm/lib/built-in.o
 .text.do_bootm_linux
                0x0000000087803480       0x64 arch/arm/lib/built-in.o
                0x0000000087803480                do_bootm_linux
 .text.bootz_setup
                0x00000000878034e4       0x58 arch/arm/lib/built-in.o
                0x00000000878034e4                bootz_setup
 .text.boot_prep_vxworks
                0x000000008780353c       0x50 arch/arm/lib/built-in.o
                0x000000008780353c                boot_prep_vxworks
 .text.boot_jump_vxworks
                0x000000008780358c        0xc arch/arm/lib/built-in.o
                0x000000008780358c                boot_jump_vxworks
 .text.arch_reserve_stacks
                0x0000000087803598       0x1c arch/arm/lib/built-in.o
                0x0000000087803598                arch_reserve_stacks
 .text.interrupt_init
                0x00000000878035b4       0x1c arch/arm/lib/built-in.o
                0x00000000878035b4                interrupt_init
 .text.enable_interrupts
                0x00000000878035d0        0x4 arch/arm/lib/built-in.o
                0x00000000878035d0                enable_interrupts
 .text.disable_interrupts
                0x00000000878035d4        0x8 arch/arm/lib/built-in.o
                0x00000000878035d4                disable_interrupts
 .text.bad_mode
                0x00000000878035dc       0x10 arch/arm/lib/built-in.o
                0x00000000878035dc                bad_mode
 .text.show_regs
                0x00000000878035ec      0x174 arch/arm/lib/built-in.o
                0x00000000878035ec                show_regs
 .text.do_undefined_instruction
                0x0000000087803760       0x20 arch/arm/lib/built-in.o
                0x0000000087803760                do_undefined_instruction
 .text.do_software_interrupt
                0x0000000087803780       0x20 arch/arm/lib/built-in.o
                0x0000000087803780                do_software_interrupt
 .text.do_prefetch_abort
                0x00000000878037a0       0x20 arch/arm/lib/built-in.o
                0x00000000878037a0                do_prefetch_abort
 .text.do_data_abort
                0x00000000878037c0       0x20 arch/arm/lib/built-in.o
                0x00000000878037c0                do_data_abort
 .text.do_not_used
                0x00000000878037e0       0x20 arch/arm/lib/built-in.o
                0x00000000878037e0                do_not_used
 .text.do_fiq   0x0000000087803800       0x20 arch/arm/lib/built-in.o
                0x0000000087803800                do_fiq
 .text.do_irq   0x0000000087803820       0x20 arch/arm/lib/built-in.o
                0x0000000087803820                do_irq
 .text.do_reset
                0x0000000087803840       0x30 arch/arm/lib/built-in.o
                0x0000000087803840                do_reset
 .text.flush_cache
                0x0000000087803870        0x8 arch/arm/lib/built-in.o
                0x0000000087803870                flush_cache
 .text.cp_delay
                0x0000000087803878       0x30 arch/arm/lib/built-in.o
 .text.arm_init_domains
                0x00000000878038a8        0x4 arch/arm/lib/built-in.o
                0x00000000878038a8                arm_init_domains
 .text.set_section_dcache
                0x00000000878038ac       0x14 arch/arm/lib/built-in.o
                0x00000000878038ac                set_section_dcache
 .text.mmu_set_region_dcache_behaviour
                0x00000000878038c0       0x4c arch/arm/lib/built-in.o
                0x00000000878038c0                mmu_set_region_dcache_behaviour
 .text.dram_bank_mmu_setup
                0x000000008780390c       0x44 arch/arm/lib/built-in.o
                0x000000008780390c                dram_bank_mmu_setup
 .text.icache_enable
                0x0000000087803950       0x18 arch/arm/lib/built-in.o
                0x0000000087803950                icache_enable
 .text.icache_disable
                0x0000000087803968       0x20 arch/arm/lib/built-in.o
                0x0000000087803968                icache_disable
 .text.icache_status
                0x0000000087803988        0xc arch/arm/lib/built-in.o
                0x0000000087803988                icache_status
 .text.dcache_enable
                0x0000000087803994       0x7c arch/arm/lib/built-in.o
                0x0000000087803994                dcache_enable
 .text.dcache_disable
                0x0000000087803a10       0x2c arch/arm/lib/built-in.o
                0x0000000087803a10                dcache_disable
 .text.dcache_status
                0x0000000087803a3c        0xc arch/arm/lib/built-in.o
                0x0000000087803a3c                dcache_status
 .text.do_enable_parallel_lcd
                0x0000000087803a48       0x4c board/freescale/mx6ul_14x14_evk/built-in.o
                0x0000000087803a48                do_enable_parallel_lcd
 .text.power_init_board
                0x0000000087803a94        0x8 board/freescale/mx6ul_14x14_evk/built-in.o
                0x0000000087803a94                power_init_board
 .text.dram_init
                0x0000000087803a9c       0x18 board/freescale/mx6ul_14x14_evk/built-in.o
                0x0000000087803a9c                dram_init
 .text.board_mmc_getcd
                0x0000000087803ab4       0x80 board/freescale/mx6ul_14x14_evk/built-in.o
                0x0000000087803ab4                board_mmc_getcd
 .text.board_mmc_init
                0x0000000087803b34       0x80 board/freescale/mx6ul_14x14_evk/built-in.o
                0x0000000087803b34                board_mmc_init
 .text.board_usb_phy_mode
                0x0000000087803bb4       0x14 board/freescale/mx6ul_14x14_evk/built-in.o
                0x0000000087803bb4                board_usb_phy_mode
 .text.board_ehci_hcd_init
                0x0000000087803bc8       0x28 board/freescale/mx6ul_14x14_evk/built-in.o
                0x0000000087803bc8                board_ehci_hcd_init
 .text.board_eth_init
                0x0000000087803bf0       0x34 board/freescale/mx6ul_14x14_evk/built-in.o
                0x0000000087803bf0                board_eth_init
 .text.board_phy_config
                0x0000000087803c24       0x4c board/freescale/mx6ul_14x14_evk/built-in.o
                0x0000000087803c24                board_phy_config
 .text.board_early_init_f
                0x0000000087803c70       0x1c board/freescale/mx6ul_14x14_evk/built-in.o
                0x0000000087803c70                board_early_init_f
 .text.board_init
                0x0000000087803c8c      0x1b8 board/freescale/mx6ul_14x14_evk/built-in.o
                0x0000000087803c8c                board_init
 .text.board_late_init
                0x0000000087803e44       0x4c board/freescale/mx6ul_14x14_evk/built-in.o
                0x0000000087803e44                board_late_init
 .text.checkboard
                0x0000000087803e90       0x18 board/freescale/mx6ul_14x14_evk/built-in.o
                0x0000000087803e90                checkboard
 .text.do_go_exec
                0x0000000087803ea8       0x10 cmd/built-in.o
                0x0000000087803ea8                do_go_exec
 .text.do_go    0x0000000087803eb8       0x6c cmd/built-in.o
 .text.do_bootm
                0x0000000087803f24      0x10c cmd/built-in.o
                0x0000000087803f24                do_bootm
 .text.do_bootd
                0x0000000087804030       0x20 cmd/built-in.o
                0x0000000087804030                do_bootd
 .text.image_info
                0x0000000087804050       0xcc cmd/built-in.o
 .text.do_iminfo
                0x000000008780411c       0x5c cmd/built-in.o
 .text.bootm_maybe_autostart
                0x0000000087804178       0x78 cmd/built-in.o
                0x0000000087804178                bootm_maybe_autostart
 .text.do_bootz
                0x00000000878041f0       0xf8 cmd/built-in.o
                0x00000000878041f0                do_bootz
 .text.do_help  0x00000000878042e8       0x44 cmd/built-in.o
 .text.do_version
                0x000000008780432c       0x38 cmd/built-in.o
 .text.source   0x0000000087804364       0xd8 cmd/built-in.o
                0x0000000087804364                source
 .text.do_source
                0x000000008780443c       0x48 cmd/built-in.o
 .text.print_num
                0x0000000087804484       0x14 cmd/built-in.o
 .text.do_bdinfo
                0x0000000087804498      0x190 cmd/built-in.o
 .text.do_bmp   0x0000000087804628       0x58 cmd/built-in.o
 .text.do_bmp_info
                0x0000000087804680      0x10c cmd/built-in.o
 .text.bmp_display
                0x000000008780478c       0x50 cmd/built-in.o
                0x000000008780478c                bmp_display
 .text.do_bmp_display
                0x00000000878047dc       0xbc cmd/built-in.o
 .text.parse_argv
                0x0000000087804898       0x64 cmd/built-in.o
 .text.do_icache
                0x00000000878048fc       0x88 cmd/built-in.o
 .text.do_dcache
                0x0000000087804984       0x88 cmd/built-in.o
 .text.do_coninfo
                0x0000000087804a0c       0xb0 cmd/built-in.o
 .text.do_echo  0x0000000087804abc       0xb0 cmd/built-in.o
 .text.load_elf_image_shdr
                0x0000000087804b6c       0x8c cmd/built-in.o
 .text.valid_elf_image
                0x0000000087804bf8       0x4c cmd/built-in.o
                0x0000000087804bf8                valid_elf_image
 .text.do_bootelf
                0x0000000087804c44      0x1b0 cmd/built-in.o
                0x0000000087804c44                do_bootelf
 .text.do_bootvx
                0x0000000087804df4      0x330 cmd/built-in.o
                0x0000000087804df4                do_bootvx
 .text.do_exit  0x0000000087805124       0x3c cmd/built-in.o
 .text.do_ext4_size
                0x0000000087805160       0x18 cmd/built-in.o
                0x0000000087805160                do_ext4_size
 .text.do_ext4_load
                0x0000000087805178       0x18 cmd/built-in.o
                0x0000000087805178                do_ext4_load
 .text.do_ext4_ls
                0x0000000087805190       0x18 cmd/built-in.o
                0x0000000087805190                do_ext4_ls
 .text.do_ext4_write
                0x00000000878051a8       0x18 cmd/built-in.o
                0x00000000878051a8                do_ext4_write
 .text.do_ext2load
                0x00000000878051c0       0x18 cmd/built-in.o
                0x00000000878051c0                do_ext2load
 .text.do_ext2ls
                0x00000000878051d8       0x18 cmd/built-in.o
 .text.do_fat_size
                0x00000000878051f0       0x18 cmd/built-in.o
                0x00000000878051f0                do_fat_size
 .text.do_fat_fsload
                0x0000000087805208       0x18 cmd/built-in.o
                0x0000000087805208                do_fat_fsload
 .text.do_fat_ls
                0x0000000087805220       0x18 cmd/built-in.o
 .text.do_fat_fsinfo
                0x0000000087805238       0x90 cmd/built-in.o
 .text.fdt_valid
                0x00000000878052c8       0xbc cmd/built-in.o
 .text.is_printable_string
                0x0000000087805384       0x9c cmd/built-in.o
 .text.print_data
                0x0000000087805420      0x174 cmd/built-in.o
 .text.set_working_fdt_addr
                0x0000000087805594       0x1c cmd/built-in.o
                0x0000000087805594                set_working_fdt_addr
 .text.do_fdt   0x00000000878055b0      0xea0 cmd/built-in.o
 .text.do_flerase
                0x0000000087806450        0x8 cmd/built-in.o
 .text.do_protect
                0x0000000087806458       0x10 cmd/built-in.o
 .text.do_flinfo
                0x0000000087806468        0x8 cmd/built-in.o
 .text.do_size_wrapper
                0x0000000087806470       0x18 cmd/built-in.o
 .text.do_load_wrapper
                0x0000000087806488       0x18 cmd/built-in.o
 .text.do_save_wrapper
                0x00000000878064a0       0x18 cmd/built-in.o
 .text.do_ls_wrapper
                0x00000000878064b8       0x18 cmd/built-in.o
 .text.do_fstype_wrapper
                0x00000000878064d0        0x4 cmd/built-in.o
 .text.strtou32
                0x00000000878064d4       0x44 cmd/built-in.o
 .text.do_fuse  0x0000000087806518      0x358 cmd/built-in.o
 .text.name_to_gpio
                0x0000000087806870        0xc cmd/built-in.o
                0x0000000087806870                name_to_gpio
 .text.do_gpio  0x000000008780687c      0x154 cmd/built-in.o
 .text.do_i2c   0x00000000878069d0       0x68 cmd/built-in.o
 .text.do_i2c_bus_speed
                0x0000000087806a38       0x78 cmd/built-in.o
 .text.do_i2c_reset
                0x0000000087806ab0       0x2c cmd/built-in.o
 .text.do_i2c_probe
                0x0000000087806adc       0x9c cmd/built-in.o
 .text.do_i2c_bus_num
                0x0000000087806b78       0xb8 cmd/built-in.o
 .text.do_i2c_show_bus
                0x0000000087806c30       0xd0 cmd/built-in.o
 .text.get_alen.constprop.5
                0x0000000087806d00       0x3c cmd/built-in.o
 .text.do_i2c_crc
                0x0000000087806d3c      0x120 cmd/built-in.o
 .text.mod_i2c_mem.isra.3
                0x0000000087806e5c      0x1f0 cmd/built-in.o
 .text.do_i2c_nm
                0x000000008780704c        0x8 cmd/built-in.o
 .text.do_i2c_mm
                0x0000000087807054        0x8 cmd/built-in.o
 .text.do_i2c_md
                0x000000008780705c      0x1e4 cmd/built-in.o
 .text.do_i2c_read
                0x0000000087807240       0xbc cmd/built-in.o
 .text.do_i2c_mw
                0x00000000878072fc       0xfc cmd/built-in.o
 .text.do_i2c_write
                0x00000000878073f8      0x14c cmd/built-in.o
 .text.do_i2c_loop
                0x0000000087807544       0xe4 cmd/built-in.o
 .text.i2c_init_board
                0x0000000087807628        0x4 cmd/built-in.o
                0x0000000087807628                i2c_init_board
 .text.evalexp  0x000000008780762c       0x78 cmd/built-in.o
 .text.evalstr  0x00000000878076a4       0x6c cmd/built-in.o
 .text.binary_test
                0x0000000087807710      0x1c0 cmd/built-in.o
 .text.do_itest
                0x00000000878078d0       0x88 cmd/built-in.o
 .text.bin_data_init
                0x0000000087807958       0x2c cmd/built-in.o
 .text.k_data_save
                0x0000000087807984       0x4c cmd/built-in.o
 .text.k_data_restore
                0x00000000878079d0       0x4c cmd/built-in.o
 .text.getcxmodem
                0x0000000087807a1c       0x20 cmd/built-in.o
 .text.load_serial_ymodem
                0x0000000087807a3c       0xcc cmd/built-in.o
 .text.bin_data_char
                0x0000000087807b08       0x2c cmd/built-in.o
 .text.chk1.constprop.1
                0x0000000087807b34       0x2c cmd/built-in.o
 .text.s1_sendpacket.constprop.2
                0x0000000087807b60       0x50 cmd/built-in.o
 .text.load_serial
                0x0000000087807bb0      0x1f0 cmd/built-in.o
 .text.do_load_serial
                0x0000000087807da0       0xdc cmd/built-in.o
 .text.do_load_serial_bin
                0x0000000087807e7c      0x7a8 cmd/built-in.o
 .text.do_mem_mw
                0x0000000087808624       0xc0 cmd/built-in.o
 .text.do_mem_loop
                0x00000000878086e4       0xec cmd/built-in.o
 .text.do_mem_md
                0x00000000878087d0       0xe4 cmd/built-in.o
 .text.do_mem_cmp
                0x00000000878088b4      0x168 cmd/built-in.o
 .text.do_mem_base
                0x0000000087808a1c       0x40 cmd/built-in.o
 .text.do_mem_cp
                0x0000000087808a5c       0xd8 cmd/built-in.o
 .text.do_mem_crc
                0x0000000087808b34       0x48 cmd/built-in.o
 .text.do_mem_mtest
                0x0000000087808b7c      0x224 cmd/built-in.o
 .text.mod_mem.isra.0
                0x0000000087808da0      0x16c cmd/built-in.o
 .text.do_mem_mm
                0x0000000087808f0c        0x8 cmd/built-in.o
 .text.do_mem_nm
                0x0000000087808f14        0x8 cmd/built-in.o
 .text.do_sleep
                0x0000000087808f1c       0x70 cmd/built-in.o
 .text.do_mmcops
                0x0000000087808f8c       0xb8 cmd/built-in.o
 .text.init_mmc_device
                0x0000000087809044       0x54 cmd/built-in.o
 .text.do_mmc_rescan
                0x0000000087809098       0x24 cmd/built-in.o
 .text.do_mmc_rst_func
                0x00000000878090bc       0xa0 cmd/built-in.o
 .text.do_mmc_partconf
                0x000000008780915c       0xb4 cmd/built-in.o
 .text.do_mmc_boot_resize
                0x0000000087809210       0xcc cmd/built-in.o
 .text.do_mmc_bootbus
                0x00000000878092dc       0xb4 cmd/built-in.o
 .text.do_mmc_hwpartition
                0x0000000087809390      0x510 cmd/built-in.o
 .text.do_mmc_list
                0x00000000878098a0       0x14 cmd/built-in.o
 .text.do_mmc_dev
                0x00000000878098b4      0x134 cmd/built-in.o
 .text.do_mmc_part
                0x00000000878099e8       0x5c cmd/built-in.o
 .text.do_mmc_erase
                0x0000000087809a44       0xe8 cmd/built-in.o
 .text.do_mmc_write
                0x0000000087809b2c      0x100 cmd/built-in.o
 .text.do_mmc_read
                0x0000000087809c2c       0xec cmd/built-in.o
 .text.do_mmcinfo
                0x0000000087809d18      0x370 cmd/built-in.o
 .text.do_mmc_setdsr
                0x000000008780a088       0xb0 cmd/built-in.o
 .text.set_dev  0x000000008780a138       0x70 cmd/built-in.o
 .text.nand_print_and_set_info
                0x000000008780a1a8       0xf8 cmd/built-in.o
 .text.do_nand  0x000000008780a2a0      0xd40 cmd/built-in.o
 .text.do_nandboot
                0x000000008780afe0      0x2f8 cmd/built-in.o
 .text.netboot_common
                0x000000008780b2d8      0x294 cmd/built-in.o
 .text.do_bootp
                0x000000008780b56c        0xc cmd/built-in.o
 .text.do_dhcp  0x000000008780b578        0xc cmd/built-in.o
 .text.do_nfs   0x000000008780b584        0xc cmd/built-in.o
 .text.do_tftpb
                0x000000008780b590       0x40 cmd/built-in.o
                0x000000008780b590                do_tftpb
 .text.do_ping  0x000000008780b5d0       0x78 cmd/built-in.o
 .text.substitute
                0x000000008780b648       0xf0 cmd/built-in.o
 .text.get_arg  0x000000008780b738       0x58 cmd/built-in.o
 .text.regex_sub
                0x000000008780b790      0x450 cmd/built-in.o
 .text.do_setexpr
                0x000000008780bbe0      0x1a0 cmd/built-in.o
 .text.do_false
                0x000000008780bd80        0x8 cmd/built-in.o
 .text.do_true  0x000000008780bd88        0x8 cmd/built-in.o
 .text.do_test  0x000000008780bd90      0x338 cmd/built-in.o
 .text.usb_get_class_desc
                0x000000008780c0c8       0xbc cmd/built-in.o
 .text.usb_find_device
                0x000000008780c184       0x3c cmd/built-in.o
 .text.usb_show_tree_graph
                0x000000008780c1c0      0x228 cmd/built-in.o
 .text.usb_display_class_sub
                0x000000008780c3e8      0x170 cmd/built-in.o
 .text.usb_display_string
                0x000000008780c558       0x44 cmd/built-in.o
 .text.usb_display_config
                0x000000008780c59c      0x20c cmd/built-in.o
 .text.do_usbboot
                0x000000008780c7a8        0xc cmd/built-in.o
 .text.usb_display_desc.part.1
                0x000000008780c7b4      0x12c cmd/built-in.o
 .text.do_usb_start
                0x000000008780c8e0       0x38 cmd/built-in.o
 .text.usb_show_tree
                0x000000008780c918       0x54 cmd/built-in.o
                0x000000008780c918                usb_show_tree
 .text.do_usb   0x000000008780c96c      0x750 cmd/built-in.o
 .text.do_imgextract
                0x000000008780d0bc      0x290 cmd/built-in.o
 .text.do_env_delete
                0x000000008780d34c       0x9c cmd/built-in.o
 .text.do_env_exists
                0x000000008780d3e8       0x64 cmd/built-in.o
 .text.do_env_save
                0x000000008780d44c       0x2c cmd/built-in.o
 .text.do_env   0x000000008780d478       0x68 cmd/built-in.o
 .text.env_print
                0x000000008780d4e0       0xc0 cmd/built-in.o
 .text.do_env_print
                0x000000008780d5a0       0xc8 cmd/built-in.o
 .text.do_env_import
                0x000000008780d668      0x284 cmd/built-in.o
 .text.do_env_default
                0x000000008780d8ec       0xa8 cmd/built-in.o
 .text._do_env_set.isra.0
                0x000000008780d994      0x1bc cmd/built-in.o
 .text.do_env_set
                0x000000008780db50       0x20 cmd/built-in.o
 .text.get_env_id
                0x000000008780db70       0x10 cmd/built-in.o
                0x000000008780db70                get_env_id
 .text.setenv   0x000000008780db80       0x60 cmd/built-in.o
                0x000000008780db80                setenv
 .text.setenv_ulong
                0x000000008780dbe0       0x20 cmd/built-in.o
                0x000000008780dbe0                setenv_ulong
 .text.setenv_hex
                0x000000008780dc00       0x34 cmd/built-in.o
                0x000000008780dc00                setenv_hex
 .text.do_env_export
                0x000000008780dc34      0x25c cmd/built-in.o
 .text.envmatch
                0x000000008780de90       0x6c cmd/built-in.o
                0x000000008780de90                envmatch
 .text.getenv_f
                0x000000008780defc       0xc8 cmd/built-in.o
                0x000000008780defc                getenv_f
 .text.getenv   0x000000008780dfc4       0x78 cmd/built-in.o
                0x000000008780dfc4                getenv
 .text.getenv_hex
                0x000000008780e03c       0x3c cmd/built-in.o
                0x000000008780e03c                getenv_hex
 .text.getenv_ulong
                0x000000008780e078       0x30 cmd/built-in.o
                0x000000008780e078                getenv_ulong
 .text.do_env_edit.part.2
                0x000000008780e0a8       0xa4 cmd/built-in.o
 .text.do_env_edit
                0x000000008780e14c       0x2c cmd/built-in.o
 .text.common_diskboot
                0x000000008780e178      0x238 cmd/built-in.o
                0x000000008780e178                common_diskboot
 .text.board_init_f_alloc_reserve
                0x000000008780e3b0       0x10 common/built-in.o
                0x000000008780e3b0                board_init_f_alloc_reserve
 .text.board_init_f_init_reserve
                0x000000008780e3c0       0x20 common/built-in.o
                0x000000008780e3c0                board_init_f_init_reserve
 .text.show_boot_progress
                0x000000008780e3e0        0x4 common/built-in.o
                0x000000008780e3e0                show_boot_progress
 .text.main_loop
                0x000000008780e3e4       0x20 common/built-in.o
                0x000000008780e3e4                main_loop
 .text.dummy    0x000000008780e404        0x4 common/built-in.o
 .text.get_version
                0x000000008780e408        0x8 common/built-in.o
                0x000000008780e408                get_version
 .text.jumptable_init
                0x000000008780e410      0x1e0 common/built-in.o
                0x000000008780e410                jumptable_init
 .text.hash_command
                0x000000008780e5f0       0xb4 common/built-in.o
                0x000000008780e5f0                hash_command
 .text.b_reset  0x000000008780e6a4       0x1c common/built-in.o
 .text.static_get
                0x000000008780e6c0       0x1c common/built-in.o
 .text.file_peek
                0x000000008780e6dc        0xc common/built-in.o
 .text.mapset   0x000000008780e6e8       0x20 common/built-in.o
 .text.syntax_err
                0x000000008780e708        0xc common/built-in.o
 .text.free_pipe_list
                0x000000008780e714       0xf4 common/built-in.o
 .text.xmalloc  0x000000008780e808       0x20 common/built-in.o
 .text.new_pipe
                0x000000008780e828       0x28 common/built-in.o
 .text.xrealloc
                0x000000008780e850       0x20 common/built-in.o
 .text.done_command
                0x000000008780e870       0x88 common/built-in.o
 .text.done_pipe
                0x000000008780e8f8       0x48 common/built-in.o
 .text.done_word
                0x000000008780e940      0x2e4 common/built-in.o
 .text.do_showvar
                0x000000008780ec24       0xf4 common/built-in.o
 .text.is_assignment
                0x000000008780ed18       0x5c common/built-in.o
 .text.file_get
                0x000000008780ed74      0x1f0 common/built-in.o
 .text.b_addchr
                0x000000008780ef64       0x80 common/built-in.o
 .text.b_addqchr
                0x000000008780efe4       0x50 common/built-in.o
 .text.static_peek
                0x000000008780f034        0xc common/built-in.o
 .text.get_local_var
                0x000000008780f040       0xa0 common/built-in.o
                0x000000008780f040                get_local_var
 .text.set_local_var
                0x000000008780f0e0      0x1bc common/built-in.o
                0x000000008780f0e0                set_local_var
 .text.insert_var_value_sub
                0x000000008780f29c      0x2c0 common/built-in.o
 .text.parse_string_outer
                0x000000008780f55c       0xe4 common/built-in.o
                0x000000008780f55c                parse_string_outer
 .text.run_list_real
                0x000000008780f640      0x7b8 common/built-in.o
 .text.parse_stream_outer
                0x000000008780fdf8      0x6d0 common/built-in.o
 .text.parse_file_outer
                0x00000000878104c8       0x44 common/built-in.o
                0x00000000878104c8                parse_file_outer
 .text.u_boot_hush_start
                0x000000008781050c       0x54 common/built-in.o
                0x000000008781050c                u_boot_hush_start
 .text.bootdelay_process
                0x0000000087810560       0xd0 common/built-in.o
                0x0000000087810560                bootdelay_process
 .text.autoboot_command
                0x0000000087810630       0xd0 common/built-in.o
                0x0000000087810630                autoboot_command
 .text.setup_mon_len
                0x0000000087810700       0x20 common/built-in.o
 .text.reserve_round_4k
                0x0000000087810720       0x18 common/built-in.o
 .text.reserve_mmu
                0x0000000087810738       0x38 common/built-in.o
 .text.reserve_uboot
                0x0000000087810770       0x30 common/built-in.o
 .text.reserve_malloc
                0x00000000878107a0       0x18 common/built-in.o
 .text.reserve_global_data
                0x00000000878107b8       0x1c common/built-in.o
 .text.reserve_fdt
                0x00000000878107d4       0x4c common/built-in.o
 .text.initf_console_record
                0x0000000087810820        0x8 common/built-in.o
 .text.arch_cpu_init_dm
                0x0000000087810828        0x8 common/built-in.o
                0x0000000087810828                arch_cpu_init_dm
 .text.announce_dram_init
                0x0000000087810830       0x18 common/built-in.o
 .text.init_func_i2c
                0x0000000087810848       0x28 common/built-in.o
 .text.init_baud_rate
                0x0000000087810870       0x2c common/built-in.o
 .text.mark_bootstage
                0x000000008781089c       0x14 common/built-in.o
 .text.initf_dm
                0x00000000878108b0        0x8 common/built-in.o
 .text.setup_reloc
                0x00000000878108b8       0x40 common/built-in.o
 .text.reloc_fdt
                0x00000000878108f8       0x44 common/built-in.o
 .text.reserve_board
                0x000000008781093c       0x40 common/built-in.o
 .text.reserve_arch
                0x000000008781097c        0x8 common/built-in.o
                0x000000008781097c                reserve_arch
 .text.display_text_info
                0x0000000087810984        0x8 common/built-in.o
 .text.reserve_trace
                0x000000008781098c        0x8 common/built-in.o
 .text.setup_machine
                0x0000000087810994        0x8 common/built-in.o
 .text.display_new_sp
                0x000000008781099c        0x8 common/built-in.o
 .text.coloured_LED_init
                0x00000000878109a4        0x4 common/built-in.o
                0x00000000878109a4                coloured_LED_init
 .text.red_led_on
                0x00000000878109a8        0x4 common/built-in.o
                0x00000000878109a8                red_led_on
 .text.board_add_ram_info
                0x00000000878109ac        0x4 common/built-in.o
                0x00000000878109ac                board_add_ram_info
 .text.show_dram_config
                0x00000000878109b0       0x38 common/built-in.o
 .text.dram_init_banksize
                0x00000000878109e8       0x20 common/built-in.o
                0x00000000878109e8                dram_init_banksize
 .text.setup_dram_config
                0x0000000087810a08       0x10 common/built-in.o
 .text.board_get_usable_ram_top
                0x0000000087810a18       0x14 common/built-in.o
                0x0000000087810a18                board_get_usable_ram_top
 .text.board_reserve_ram_top
                0x0000000087810a2c        0x4 common/built-in.o
                0x0000000087810a2c                board_reserve_ram_top
 .text.setup_dest_addr
                0x0000000087810a30       0x4c common/built-in.o
 .text.reserve_stacks
                0x0000000087810a7c       0x1c common/built-in.o
 .text.board_init_f
                0x0000000087810a98       0x28 common/built-in.o
                0x0000000087810a98                board_init_f
 .text.bootstage_relocate
                0x0000000087810ac0        0x8 common/built-in.o
 .text.initr_reloc
                0x0000000087810ac8       0x18 common/built-in.o
 .text.initr_reloc_global_data
                0x0000000087810ae0       0x28 common/built-in.o
 .text.initr_announce
                0x0000000087810b08        0x8 common/built-in.o
 .text.run_main_loop
                0x0000000087810b10        0xc common/built-in.o
 .text.initr_net
                0x0000000087810b1c       0x1c common/built-in.o
 .text.initr_ethaddr
                0x0000000087810b38       0x20 common/built-in.o
 .text.initr_enable_interrupts
                0x0000000087810b58       0x10 common/built-in.o
 .text.initr_jumptable
                0x0000000087810b68       0x10 common/built-in.o
 .text.initr_env
                0x0000000087810b78       0x30 common/built-in.o
 .text.initr_mmc
                0x0000000087810ba8       0x20 common/built-in.o
 .text.initr_nand
                0x0000000087810bc8       0x1c common/built-in.o
 .text.initr_serial
                0x0000000087810be4       0x10 common/built-in.o
 .text.initr_bootstage
                0x0000000087810bf4       0x14 common/built-in.o
 .text.initr_dm
                0x0000000087810c08       0x14 common/built-in.o
 .text.initr_malloc
                0x0000000087810c1c       0x24 common/built-in.o
 .text.initr_caches
                0x0000000087810c40       0x10 common/built-in.o
 .text.initr_console_record
                0x0000000087810c50        0x8 common/built-in.o
 .text.initr_trace
                0x0000000087810c58        0x8 common/built-in.o
 .text.initr_barrier
                0x0000000087810c60        0x8 common/built-in.o
 .text.cpu_secondary_init_r
                0x0000000087810c68        0x4 common/built-in.o
                0x0000000087810c68                cpu_secondary_init_r
 .text.initr_secondary_cpu
                0x0000000087810c6c       0x10 common/built-in.o
 .text.board_init_r
                0x0000000087810c7c       0x14 common/built-in.o
                0x0000000087810c7c                board_init_r
 .text.show_board_info
                0x0000000087810c90        0x4 common/built-in.o
                0x0000000087810c90                show_board_info
 .text.bootm_find_images
                0x0000000087810c94       0xa8 common/built-in.o
                0x0000000087810c94                bootm_find_images
 .text.bootm_decomp_image
                0x0000000087810d3c      0x14c common/built-in.o
                0x0000000087810d3c                bootm_decomp_image
 .text.bootm_disable_interrupts
                0x0000000087810e88       0x18 common/built-in.o
                0x0000000087810e88                bootm_disable_interrupts
 .text.do_bootm_states
                0x0000000087810ea0      0x750 common/built-in.o
                0x0000000087810ea0                do_bootm_states
 .text.copy_args
                0x00000000878115f0       0x50 common/built-in.o
 .text.do_bootm_rtems
                0x0000000087811640       0x40 common/built-in.o
 .text.do_bootm_plan9
                0x0000000087811680       0xa4 common/built-in.o
 .text.do_bootm_standalone
                0x0000000087811724       0x64 common/built-in.o
 .text.do_bootm_qnxelf
                0x0000000087811788       0x5c common/built-in.o
 .text.do_bootm_netbsd
                0x00000000878117e4       0xf8 common/built-in.o
 .text.do_bootvx_fdt
                0x00000000878118dc      0x118 common/built-in.o
                0x00000000878118dc                do_bootvx_fdt
 .text.do_bootm_vxworks
                0x00000000878119f4       0x24 common/built-in.o
 .text.boot_selected_os
                0x0000000087811a18       0x58 common/built-in.o
                0x0000000087811a18                boot_selected_os
 .text.bootm_os_get_boot_func
                0x0000000087811a70       0x10 common/built-in.o
                0x0000000087811a70                bootm_os_get_boot_func
 .text.regex_callback
                0x0000000087811a80      0x134 common/built-in.o
 .text.env_attr_walk
                0x0000000087811bb4      0x128 common/built-in.o
                0x0000000087811bb4                env_attr_walk
 .text.env_attr_lookup
                0x0000000087811cdc       0x84 common/built-in.o
                0x0000000087811cdc                env_attr_lookup
 .text.clear_callback
                0x0000000087811d60       0x10 common/built-in.o
 .text.find_env_callback
                0x0000000087811d70       0x64 common/built-in.o
 .text.on_callbacks
                0x0000000087811dd4       0x50 common/built-in.o
 .text.set_callback
                0x0000000087811e24       0x98 common/built-in.o
 .text.env_callback_init
                0x0000000087811ebc       0xc4 common/built-in.o
                0x0000000087811ebc                env_callback_init
 .text.skip_num
                0x0000000087811f80       0x78 common/built-in.o
 .text.clear_flags
                0x0000000087811ff8       0x10 common/built-in.o
 .text.on_flags
                0x0000000087812008       0x50 common/built-in.o
 .text.env_flags_parse_vartype
                0x0000000087812058       0x50 common/built-in.o
                0x0000000087812058                env_flags_parse_vartype
 .text.env_flags_parse_varaccess
                0x00000000878120a8       0x58 common/built-in.o
                0x00000000878120a8                env_flags_parse_varaccess
 .text.set_flags
                0x0000000087812100       0xb0 common/built-in.o
 .text.eth_validate_ethaddr_str
                0x00000000878121b0       0x94 common/built-in.o
                0x00000000878121b0                eth_validate_ethaddr_str
 .text.env_flags_init
                0x0000000087812244       0xd8 common/built-in.o
                0x0000000087812244                env_flags_init
 .text.env_flags_validate
                0x000000008781231c      0x2b8 common/built-in.o
                0x000000008781231c                env_flags_validate
 .text.env_init
                0x00000000878125d4       0x1c common/built-in.o
                0x00000000878125d4                env_init
 .text.saveenv  0x00000000878125f0      0x134 common/built-in.o
                0x00000000878125f0                saveenv
 .text.env_relocate_spec
                0x0000000087812724       0xec common/built-in.o
                0x0000000087812724                env_relocate_spec
 .text.fdt_find_and_setprop
                0x0000000087812810       0x70 common/built-in.o
                0x0000000087812810                fdt_find_and_setprop
 .text.fdt_find_or_add_subnode
                0x0000000087812880       0x60 common/built-in.o
                0x0000000087812880                fdt_find_or_add_subnode
 .text.fdt_root
                0x00000000878128e0       0x90 common/built-in.o
                0x00000000878128e0                fdt_root
 .text.fdt_initrd
                0x0000000087812970      0x1cc common/built-in.o
                0x0000000087812970                fdt_initrd
 .text.fdt_chosen
                0x0000000087812b3c       0xa8 common/built-in.o
                0x0000000087812b3c                fdt_chosen
 .text.do_fixup_by_path
                0x0000000087812be4       0x54 common/built-in.o
                0x0000000087812be4                do_fixup_by_path
 .text.fdt_fixup_memory_banks
                0x0000000087812c38      0x1b0 common/built-in.o
                0x0000000087812c38                fdt_fixup_memory_banks
 .text.fdt_fixup_memory
                0x0000000087812de8       0x20 common/built-in.o
                0x0000000087812de8                fdt_fixup_memory
 .text.fdt_fixup_ethernet
                0x0000000087812e08      0x174 common/built-in.o
                0x0000000087812e08                fdt_fixup_ethernet
 .text.fdt_shrink_to_minimum
                0x0000000087812f7c       0xcc common/built-in.o
                0x0000000087812f7c                fdt_shrink_to_minimum
 .text.fdt_increase_size
                0x0000000087813048       0x14 common/built-in.o
                0x0000000087813048                fdt_increase_size
 .text.miiphy_get_dev_by_name
                0x000000008781305c       0x60 common/built-in.o
                0x000000008781305c                miiphy_get_dev_by_name
 .text.miiphy_init
                0x00000000878130bc       0x24 common/built-in.o
                0x00000000878130bc                miiphy_init
 .text.mdio_alloc
                0x00000000878130e0       0x30 common/built-in.o
                0x00000000878130e0                mdio_alloc
 .text.mdio_register
                0x0000000087813110       0x94 common/built-in.o
                0x0000000087813110                mdio_register
 .text.mdio_unregister
                0x00000000878131a4       0x3c common/built-in.o
                0x00000000878131a4                mdio_unregister
 .text.usb_set_maxpacket_ep
                0x00000000878131e0       0x70 common/built-in.o
 .text.usb_stop
                0x0000000087813250       0x80 common/built-in.o
                0x0000000087813250                usb_stop
 .text.usb_disable_asynch
                0x00000000878132d0       0x20 common/built-in.o
                0x00000000878132d0                usb_disable_asynch
 .text.usb_control_msg
                0x00000000878132f0       0xc0 common/built-in.o
                0x00000000878132f0                usb_control_msg
 .text.usb_get_descriptor
                0x00000000878133b0       0x58 common/built-in.o
 .text.get_descriptor_len
                0x0000000087813408       0x90 common/built-in.o
 .text.usb_get_string
                0x0000000087813498       0x70 common/built-in.o
 .text.usb_string_sub
                0x0000000087813508      0x108 common/built-in.o
 .text.usb_bulk_msg
                0x0000000087813610       0x70 common/built-in.o
                0x0000000087813610                usb_bulk_msg
 .text.usb_maxpacket
                0x0000000087813680       0x1c common/built-in.o
                0x0000000087813680                usb_maxpacket
 .text.usb_clear_halt
                0x000000008781369c       0x90 common/built-in.o
                0x000000008781369c                usb_clear_halt
 .text.usb_get_configuration_len
                0x000000008781372c       0x74 common/built-in.o
                0x000000008781372c                usb_get_configuration_len
 .text.usb_get_configuration_no
                0x00000000878137a0       0x34 common/built-in.o
                0x00000000878137a0                usb_get_configuration_no
 .text.usb_set_interface
                0x00000000878137d4       0xb4 common/built-in.o
                0x00000000878137d4                usb_set_interface
 .text.usb_string
                0x0000000087813888      0x100 common/built-in.o
                0x0000000087813888                usb_string
 .text.usb_get_dev_index
                0x0000000087813988       0x24 common/built-in.o
                0x0000000087813988                usb_get_dev_index
 .text.usb_alloc_new_device
                0x00000000878139ac       0x9c common/built-in.o
                0x00000000878139ac                usb_alloc_new_device
 .text.usb_free_device
                0x0000000087813a48       0x48 common/built-in.o
                0x0000000087813a48                usb_free_device
 .text.usb_alloc_device
                0x0000000087813a90        0x8 common/built-in.o
                0x0000000087813a90                usb_alloc_device
 .text.usb_select_config
                0x0000000087813a98      0x458 common/built-in.o
                0x0000000087813a98                usb_select_config
 .text.usb_setup_device
                0x0000000087813ef0      0x19c common/built-in.o
                0x0000000087813ef0                usb_setup_device
 .text.usb_new_device
                0x000000008781408c       0x34 common/built-in.o
                0x000000008781408c                usb_new_device
 .text.usb_init
                0x00000000878140c0      0x168 common/built-in.o
                0x00000000878140c0                usb_init
 .text.usb_device_has_child_on_port
                0x0000000087814228       0x14 common/built-in.o
                0x0000000087814228                usb_device_has_child_on_port
 .text.usb_find_usb2_hub_address_port
                0x000000008781423c       0x5c common/built-in.o
                0x000000008781423c                usb_find_usb2_hub_address_port
 .text.usb_set_port_feature
                0x0000000087814298       0x4c common/built-in.o
 .text.usb_clear_port_feature
                0x00000000878142e4       0x4c common/built-in.o
 .text.usb_get_hub_descriptor
                0x0000000087814330       0x4c common/built-in.o
 .text.usb_hub_power_on
                0x000000008781437c       0x6c common/built-in.o
 .text.usb_hub_reset_devices
                0x00000000878143e8        0x4 common/built-in.o
                0x00000000878143e8                usb_hub_reset_devices
 .text.usb_get_port_status
                0x00000000878143ec       0x4c common/built-in.o
                0x00000000878143ec                usb_get_port_status
 .text.usb_hub_reset
                0x0000000087814438       0x14 common/built-in.o
                0x0000000087814438                usb_hub_reset
 .text.legacy_hub_port_reset
                0x000000008781444c       0xa0 common/built-in.o
                0x000000008781444c                legacy_hub_port_reset
 .text.usb_hub_port_connect_change
                0x00000000878144ec      0x16c common/built-in.o
                0x00000000878144ec                usb_hub_port_connect_change
 .text.usb_hub_configure
                0x0000000087814658      0x2c8 common/built-in.o
 .text.usb_hub_probe
                0x0000000087814920       0x54 common/built-in.o
                0x0000000087814920                usb_hub_probe
 .text.usb_stor_irq
                0x0000000087814974       0x1c common/built-in.o
 .text.usb_stor_BBB_reset
                0x0000000087814990       0xd0 common/built-in.o
 .text.usb_stor_CB_reset
                0x0000000087814a60       0xd0 common/built-in.o
 .text.usb_stor_BBB_clear_endpt_stall.isra.0
                0x0000000087814b30       0x40 common/built-in.o
 .text.usb_stor_BBB_transport
                0x0000000087814b70      0x25c common/built-in.o
 .text.usb_stor_CB_comdat
                0x0000000087814dcc      0x204 common/built-in.o
 .text.usb_stor_CBI_get_status.isra.2
                0x0000000087814fd0       0xc8 common/built-in.o
 .text.usb_stor_CB_transport
                0x0000000087815098      0x228 common/built-in.o
 .text.usb_request_sense.constprop.8
                0x00000000878152c0       0x70 common/built-in.o
 .text.usb_stor_read
                0x0000000087815330      0x188 common/built-in.o
 .text.usb_stor_write
                0x00000000878154b8      0x188 common/built-in.o
 .text.usb_stor_get_dev
                0x0000000087815640       0x28 common/built-in.o
                0x0000000087815640                usb_stor_get_dev
 .text.usb_stor_info
                0x0000000087815668       0x74 common/built-in.o
                0x0000000087815668                usb_stor_info
 .text.usb_storage_probe
                0x00000000878156dc      0x204 common/built-in.o
                0x00000000878156dc                usb_storage_probe
 .text.usb_stor_get_info
                0x00000000878158e0      0x31c common/built-in.o
                0x00000000878158e0                usb_stor_get_info
 .text.usb_stor_scan
                0x0000000087815bfc      0x1f8 common/built-in.o
                0x0000000087815bfc                usb_stor_scan
 .text.splash_screen_prepare
                0x0000000087815df4        0x8 common/built-in.o
                0x0000000087815df4                splash_screen_prepare
 .text.splash_get_pos
                0x0000000087815dfc       0x88 common/built-in.o
                0x0000000087815dfc                splash_get_pos
 .text.env_get_char_spec
                0x0000000087815e84        0xc common/built-in.o
                0x0000000087815e84                env_get_char_spec
 .text.env_get_addr
                0x0000000087815e90       0x20 common/built-in.o
                0x0000000087815e90                env_get_addr
 .text.env_get_char_memory
                0x0000000087815eb0       0x10 common/built-in.o
                0x0000000087815eb0                env_get_char_memory
 .text.env_get_char
                0x0000000087815ec0       0x30 common/built-in.o
                0x0000000087815ec0                env_get_char
 .text.getenv_yesno
                0x0000000087815ef0       0x40 common/built-in.o
                0x0000000087815ef0                getenv_yesno
 .text.getenv_default
                0x0000000087815f30       0x30 common/built-in.o
                0x0000000087815f30                getenv_default
 .text.set_default_env
                0x0000000087815f60       0xc0 common/built-in.o
                0x0000000087815f60                set_default_env
 .text.set_default_vars
                0x0000000087816020       0x38 common/built-in.o
                0x0000000087816020                set_default_vars
 .text.env_import
                0x0000000087816058       0xe0 common/built-in.o
                0x0000000087816058                env_import
 .text.env_export
                0x0000000087816138       0xa4 common/built-in.o
                0x0000000087816138                env_export
 .text.env_relocate
                0x00000000878161dc       0x2c common/built-in.o
                0x00000000878161dc                env_relocate
 .text.env_complete
                0x0000000087816208       0xf0 common/built-in.o
                0x0000000087816208                env_complete
 .text.console_setfile
                0x00000000878162f8       0xc0 common/built-in.o
 .text.serial_printf
                0x00000000878163b8       0x44 common/built-in.o
                0x00000000878163b8                serial_printf
 .text.putc     0x00000000878163fc       0x34 common/built-in.o
                0x00000000878163fc                putc
 .text.puts     0x0000000087816430       0x34 common/built-in.o
                0x0000000087816430                puts
 .text.fgetc    0x0000000087816464       0x24 common/built-in.o
                0x0000000087816464                fgetc
 .text.getc     0x0000000087816488       0x24 common/built-in.o
                0x0000000087816488                getc
 .text.ftstc    0x00000000878164ac       0x24 common/built-in.o
                0x00000000878164ac                ftstc
 .text.tstc     0x00000000878164d0       0x24 common/built-in.o
                0x00000000878164d0                tstc
 .text.ctrlc    0x00000000878164f4       0x58 common/built-in.o
                0x00000000878164f4                ctrlc
 .text.confirm_yesno
                0x000000008781654c       0xd4 common/built-in.o
                0x000000008781654c                confirm_yesno
 .text.had_ctrlc
                0x0000000087816620       0x10 common/built-in.o
                0x0000000087816620                had_ctrlc
 .text.clear_ctrlc
                0x0000000087816630       0x14 common/built-in.o
                0x0000000087816630                clear_ctrlc
 .text.search_device
                0x0000000087816644       0x28 common/built-in.o
                0x0000000087816644                search_device
 .text.console_assign
                0x000000008781666c       0x48 common/built-in.o
                0x000000008781666c                console_assign
 .text.on_console
                0x00000000878166b4       0xb8 common/built-in.o
 .text.console_init_f
                0x000000008781676c       0x10 common/built-in.o
                0x000000008781676c                console_init_f
 .text.stdio_print_current_devices
                0x000000008781677c       0xb0 common/built-in.o
                0x000000008781677c                stdio_print_current_devices
 .text.console_init_r
                0x000000008781682c      0x180 common/built-in.o
                0x000000008781682c                console_init_r
 .text.sbrk     0x00000000878169ac       0x6c common/built-in.o
                0x00000000878169ac                sbrk
 .text.mem_malloc_init
                0x0000000087816a18       0x34 common/built-in.o
                0x0000000087816a18                mem_malloc_init
 .text.malloc_trim
                0x0000000087816a4c       0xcc common/built-in.o
                0x0000000087816a4c                malloc_trim
 .text.free     0x0000000087816b18      0x24c common/built-in.o
                0x0000000087816b18                free
 .text.malloc   0x0000000087816d64      0x628 common/built-in.o
                0x0000000087816d64                malloc
 .text.calloc   0x000000008781738c      0x144 common/built-in.o
                0x000000008781738c                calloc
 .text.realloc  0x00000000878174d0      0x4e0 common/built-in.o
                0x00000000878174d0                realloc
 .text.memalign
                0x00000000878179b0      0x140 common/built-in.o
                0x00000000878179b0                memalign
 .text.initf_malloc
                0x0000000087817af0       0x18 common/built-in.o
                0x0000000087817af0                initf_malloc
 .text.malloc_simple
                0x0000000087817b08       0x30 common/built-in.o
                0x0000000087817b08                malloc_simple
 .text.on_loadaddr
                0x0000000087817b38       0x38 common/built-in.o
 .text.image_check_hcrc
                0x0000000087817b70       0x4c common/built-in.o
                0x0000000087817b70                image_check_hcrc
 .text.image_check_dcrc
                0x0000000087817bbc       0x38 common/built-in.o
                0x0000000087817bbc                image_check_dcrc
 .text.image_multi_count
                0x0000000087817bf4       0x1c common/built-in.o
                0x0000000087817bf4                image_multi_count
 .text.image_multi_getimg
                0x0000000087817c10       0x80 common/built-in.o
                0x0000000087817c10                image_multi_getimg
 .text.getenv_bootm_low
                0x0000000087817c90       0x30 common/built-in.o
                0x0000000087817c90                getenv_bootm_low
 .text.getenv_bootm_size
                0x0000000087817cc0       0x68 common/built-in.o
                0x0000000087817cc0                getenv_bootm_size
 .text.getenv_bootm_mapsize
                0x0000000087817d28       0x30 common/built-in.o
                0x0000000087817d28                getenv_bootm_mapsize
 .text.memmove_wd
                0x0000000087817d58        0xc common/built-in.o
                0x0000000087817d58                memmove_wd
 .text.genimg_print_size
                0x0000000087817d64       0x30 common/built-in.o
                0x0000000087817d64                genimg_print_size
 .text.get_table_entry
                0x0000000087817d94       0x24 common/built-in.o
                0x0000000087817d94                get_table_entry
 .text.get_table_entry_name
                0x0000000087817db8       0x20 common/built-in.o
                0x0000000087817db8                get_table_entry_name
 .text.genimg_get_os_name
                0x0000000087817dd8       0x18 common/built-in.o
                0x0000000087817dd8                genimg_get_os_name
 .text.genimg_get_arch_name
                0x0000000087817df0       0x18 common/built-in.o
                0x0000000087817df0                genimg_get_arch_name
 .text.genimg_get_type_name
                0x0000000087817e08       0x18 common/built-in.o
                0x0000000087817e08                genimg_get_type_name
 .text.genimg_get_comp_name
                0x0000000087817e20       0x18 common/built-in.o
                0x0000000087817e20                genimg_get_comp_name
 .text.image_print_contents
                0x0000000087817e38      0x178 common/built-in.o
                0x0000000087817e38                image_print_contents
 .text.genimg_get_kernel_addr_fit
                0x0000000087817fb0       0x24 common/built-in.o
                0x0000000087817fb0                genimg_get_kernel_addr_fit
 .text.genimg_get_format
                0x0000000087817fd4       0x34 common/built-in.o
                0x0000000087817fd4                genimg_get_format
 .text.genimg_get_image
                0x0000000087818008        0x4 common/built-in.o
                0x0000000087818008                genimg_get_image
 .text.genimg_has_config
                0x000000008781800c        0x8 common/built-in.o
                0x000000008781800c                genimg_has_config
 .text.boot_get_ramdisk
                0x0000000087818014      0x274 common/built-in.o
                0x0000000087818014                boot_get_ramdisk
 .text.boot_ramdisk_high
                0x0000000087818288      0x138 common/built-in.o
                0x0000000087818288                boot_ramdisk_high
 .text.boot_get_setup
                0x00000000878183c0        0x8 common/built-in.o
                0x00000000878183c0                boot_get_setup
 .text.image_setup_linux
                0x00000000878183c8       0x8c common/built-in.o
                0x00000000878183c8                image_setup_linux
 .text.fdt_error
                0x0000000087818454       0x2c common/built-in.o
 .text.boot_fdt_add_mem_rsv_regions
                0x0000000087818480       0x88 common/built-in.o
                0x0000000087818480                boot_fdt_add_mem_rsv_regions
 .text.boot_relocate_fdt
                0x0000000087818508      0x198 common/built-in.o
                0x0000000087818508                boot_relocate_fdt
 .text.boot_get_fdt
                0x00000000878186a0      0x2ac common/built-in.o
                0x00000000878186a0                boot_get_fdt
 .text.ft_verify_fdt
                0x000000008781894c        0x8 common/built-in.o
                0x000000008781894c                ft_verify_fdt
 .text.image_setup_libfdt
                0x0000000087818954      0x12c common/built-in.o
                0x0000000087818954                image_setup_libfdt
 .text.get_effective_memsize
                0x0000000087818a80        0x8 common/built-in.o
                0x0000000087818a80                get_effective_memsize
 .text.nulldev_putc
                0x0000000087818a88        0x4 common/built-in.o
 .text.nulldev_puts
                0x0000000087818a8c        0x4 common/built-in.o
 .text.nulldev_input
                0x0000000087818a90        0x8 common/built-in.o
 .text.stdio_serial_tstc
                0x0000000087818a98        0x4 common/built-in.o
 .text.stdio_serial_getc
                0x0000000087818a9c        0x4 common/built-in.o
 .text.stdio_serial_puts
                0x0000000087818aa0        0x8 common/built-in.o
 .text.stdio_serial_putc
                0x0000000087818aa8        0x8 common/built-in.o
 .text.stdio_get_list
                0x0000000087818ab0        0xc common/built-in.o
                0x0000000087818ab0                stdio_get_list
 .text.stdio_get_by_name
                0x0000000087818abc       0x5c common/built-in.o
                0x0000000087818abc                stdio_get_by_name
 .text.stdio_clone
                0x0000000087818b18       0x38 common/built-in.o
                0x0000000087818b18                stdio_clone
 .text.stdio_register_dev
                0x0000000087818b50       0x50 common/built-in.o
                0x0000000087818b50                stdio_register_dev
 .text.stdio_register
                0x0000000087818ba0        0x8 common/built-in.o
                0x0000000087818ba0                stdio_register
 .text.stdio_init_tables
                0x0000000087818ba8       0x1c common/built-in.o
                0x0000000087818ba8                stdio_init_tables
 .text.stdio_add_devices
                0x0000000087818bc4       0xd4 common/built-in.o
                0x0000000087818bc4                stdio_add_devices
 .text.run_command
                0x0000000087818c98       0x10 common/built-in.o
                0x0000000087818c98                run_command
 .text.run_command_list
                0x0000000087818ca8       0x7c common/built-in.o
                0x0000000087818ca8                run_command_list
 .text.do_run   0x0000000087818d24       0x78 common/built-in.o
                0x0000000087818d24                do_run
 .text.cli_loop
                0x0000000087818d9c        0xc common/built-in.o
                0x0000000087818d9c                cli_loop
 .text.cli_init
                0x0000000087818da8        0x4 common/built-in.o
                0x0000000087818da8                cli_init
 .text.delete_char.part.0
                0x0000000087818dac       0xd0 common/built-in.o
 .text.cread_add_char
                0x0000000087818e7c       0xe8 common/built-in.o
 .text.cli_readline_into_buffer
                0x0000000087818f64      0x9c0 common/built-in.o
                0x0000000087818f64                cli_readline_into_buffer
 .text.cli_readline
                0x0000000087819924       0x14 common/built-in.o
                0x0000000087819924                cli_readline
 .text.find_cmd_tbl
                0x0000000087819938       0xa4 common/built-in.o
                0x0000000087819938                find_cmd_tbl
 .text.find_cmd
                0x00000000878199dc       0x28 common/built-in.o
                0x00000000878199dc                find_cmd
 .text.cmd_usage
                0x0000000087819a04       0x5c common/built-in.o
                0x0000000087819a04                cmd_usage
 .text._do_help
                0x0000000087819a60      0x178 common/built-in.o
                0x0000000087819a60                _do_help
 .text.var_complete
                0x0000000087819bd8       0x84 common/built-in.o
                0x0000000087819bd8                var_complete
 .text.cmd_auto_complete
                0x0000000087819c5c      0x4b4 common/built-in.o
                0x0000000087819c5c                cmd_auto_complete
 .text.cmd_get_data_size
                0x000000008781a110       0x5c common/built-in.o
                0x000000008781a110                cmd_get_data_size
 .text.cmd_process
                0x000000008781a16c       0xec common/built-in.o
                0x000000008781a16c                cmd_process
 .text.cmd_process_error
                0x000000008781a258       0x30 common/built-in.o
                0x000000008781a258                cmd_process_error
 .text.hex1_bin
                0x000000008781a288       0x40 common/built-in.o
 .text.hex2_bin
                0x000000008781a2c8       0x38 common/built-in.o
 .text.srec_decode
                0x000000008781a300      0x254 common/built-in.o
                0x000000008781a300                srec_decode
 .text.CYGACC_COMM_IF_GETC_TIMEOUT.isra.0
                0x000000008781a554       0x5c common/built-in.o
 .text.xyzModem_flush
                0x000000008781a5b0       0x1c common/built-in.o
 .text.xyzModem_get_hdr
                0x000000008781a5cc      0x230 common/built-in.o
 .text.xyzModem_stream_open
                0x000000008781a7fc      0x224 common/built-in.o
                0x000000008781a7fc                xyzModem_stream_open
 .text.xyzModem_stream_read
                0x000000008781aa20      0x254 common/built-in.o
                0x000000008781aa20                xyzModem_stream_read
 .text.xyzModem_stream_close
                0x000000008781ac74       0x54 common/built-in.o
                0x000000008781ac74                xyzModem_stream_close
 .text.xyzModem_stream_terminate
                0x000000008781acc8       0x94 common/built-in.o
                0x000000008781acc8                xyzModem_stream_terminate
 .text.xyzModem_error
                0x000000008781ad5c       0x20 common/built-in.o
                0x000000008781ad5c                xyzModem_error
 .text.get_dev_hwpart
                0x000000008781ad7c       0xa8 disk/built-in.o
 .text.dev_print
                0x000000008781ae24      0x20c disk/built-in.o
                0x000000008781ae24                dev_print
 .text.init_part
                0x000000008781b030       0x20 disk/built-in.o
                0x000000008781b030                init_part
 .text.print_part
                0x000000008781b050       0xf4 disk/built-in.o
                0x000000008781b050                print_part
 .text.get_partition_info
                0x000000008781b144       0x2c disk/built-in.o
                0x000000008781b144                get_partition_info
 .text.get_device
                0x000000008781b170      0x128 disk/built-in.o
                0x000000008781b170                get_device
 .text.get_device_and_partition
                0x000000008781b298      0x3f8 disk/built-in.o
                0x000000008781b298                get_device_and_partition
 .text.test_block_type
                0x000000008781b690       0x84 disk/built-in.o
 .text.print_partition_extended
                0x000000008781b714      0x274 disk/built-in.o
 .text.get_partition_info_extended.constprop.1
                0x000000008781b988      0x2fc disk/built-in.o
 .text.test_part_dos
                0x000000008781bc84       0x60 disk/built-in.o
                0x000000008781bc84                test_part_dos
 .text.print_part_dos
                0x000000008781bce4       0x34 disk/built-in.o
                0x000000008781bce4                print_part_dos
 .text.get_partition_info_dos
                0x000000008781bd18       0x20 disk/built-in.o
                0x000000008781bd18                get_partition_info_dos
 .text.alloc_priv
                0x000000008781bd38       0x48 drivers/built-in.o
 .text.device_bind
                0x000000008781bd80      0x304 drivers/built-in.o
                0x000000008781bd80                device_bind
 .text.device_bind_by_name
                0x000000008781c084       0x60 drivers/built-in.o
                0x000000008781c084                device_bind_by_name
 .text.device_probe
                0x000000008781c0e4      0x234 drivers/built-in.o
                0x000000008781c0e4                device_probe
 .text.dev_get_platdata
                0x000000008781c318       0x34 drivers/built-in.o
                0x000000008781c318                dev_get_platdata
 .text.dev_get_priv
                0x000000008781c34c       0x34 drivers/built-in.o
                0x000000008781c34c                dev_get_priv
 .text.lists_driver_lookup_name
                0x000000008781c380       0x4c drivers/built-in.o
                0x000000008781c380                lists_driver_lookup_name
 .text.lists_uclass_lookup
                0x000000008781c3cc       0x3c drivers/built-in.o
                0x000000008781c3cc                lists_uclass_lookup
 .text.lists_bind_drivers
                0x000000008781c408       0x88 drivers/built-in.o
                0x000000008781c408                lists_bind_drivers
 .text.dm_root  0x000000008781c490       0x2c drivers/built-in.o
                0x000000008781c490                dm_root
 .text.dm_init  0x000000008781c4bc       0x58 drivers/built-in.o
                0x000000008781c4bc                dm_init
 .text.dm_scan_platdata
                0x000000008781c514       0x2c drivers/built-in.o
                0x000000008781c514                dm_scan_platdata
 .text.dm_scan_other
                0x000000008781c540        0x8 drivers/built-in.o
                0x000000008781c540                dm_scan_other
 .text.dm_init_and_scan
                0x000000008781c548       0x30 drivers/built-in.o
                0x000000008781c548                dm_init_and_scan
 .text.uclass_find
                0x000000008781c578       0x4c drivers/built-in.o
                0x000000008781c578                uclass_find
 .text.uclass_get
                0x000000008781c5c4      0x124 drivers/built-in.o
                0x000000008781c5c4                uclass_get
 .text.uclass_find_device
                0x000000008781c6e8       0x74 drivers/built-in.o
                0x000000008781c6e8                uclass_find_device
 .text.uclass_find_device_by_seq
                0x000000008781c75c       0x7c drivers/built-in.o
                0x000000008781c75c                uclass_find_device_by_seq
 .text.uclass_get_device_tail
                0x000000008781c7d8       0x2c drivers/built-in.o
                0x000000008781c7d8                uclass_get_device_tail
 .text.uclass_get_device
                0x000000008781c804       0x30 drivers/built-in.o
                0x000000008781c804                uclass_get_device
 .text.uclass_bind_device
                0x000000008781c834       0x7c drivers/built-in.o
                0x000000008781c834                uclass_bind_device
 .text.uclass_unbind_device
                0x000000008781c8b0       0x4c drivers/built-in.o
                0x000000008781c8b0                uclass_unbind_device
 .text.uclass_resolve_seq
                0x000000008781c8fc       0xb0 drivers/built-in.o
                0x000000008781c8fc                uclass_resolve_seq
 .text.uclass_pre_probe_device
                0x000000008781c9ac       0x64 drivers/built-in.o
                0x000000008781c9ac                uclass_pre_probe_device
 .text.uclass_post_probe_device
                0x000000008781ca10       0x20 drivers/built-in.o
                0x000000008781ca10                uclass_post_probe_device
 .text.uclass_pre_remove_device
                0x000000008781ca30       0x20 drivers/built-in.o
                0x000000008781ca30                uclass_pre_remove_device
 .text.dm_warn  0x000000008781ca50       0x28 drivers/built-in.o
                0x000000008781ca50                dm_warn
 .text.device_free
                0x000000008781ca78       0x90 drivers/built-in.o
                0x000000008781ca78                device_free
 .text.device_remove
                0x000000008781cb08      0x138 drivers/built-in.o
                0x000000008781cb08                device_remove
 .text.show_devices
                0x000000008781cc40       0xfc drivers/built-in.o
 .text.dm_dump_all
                0x000000008781cd3c       0x3c drivers/built-in.o
                0x000000008781cd3c                dm_dump_all
 .text.dm_dump_uclass
                0x000000008781cd78       0xdc drivers/built-in.o
                0x000000008781cd78                dm_dump_uclass
 .text.finish_access
                0x000000008781ce54       0x2c drivers/built-in.o
 .text.setup_direct_access
                0x000000008781ce80      0x118 drivers/built-in.o
 .text.prepare_access
                0x000000008781cf98       0xc4 drivers/built-in.o
 .text.fuse_bank_physical
                0x000000008781d05c       0xb0 drivers/built-in.o
                0x000000008781d05c                fuse_bank_physical
 .text.fuse_word_physical
                0x000000008781d10c       0x28 drivers/built-in.o
                0x000000008781d10c                fuse_word_physical
 .text.fuse_read
                0x000000008781d134       0x80 drivers/built-in.o
                0x000000008781d134                fuse_read
 .text.fuse_sense
                0x000000008781d1b4       0x94 drivers/built-in.o
                0x000000008781d1b4                fuse_sense
 .text.fuse_prog
                0x000000008781d248       0x88 drivers/built-in.o
                0x000000008781d248                fuse_prog
 .text.fuse_override
                0x000000008781d2d0       0x78 drivers/built-in.o
                0x000000008781d2d0                fuse_override
 .text.video_drawchars
                0x000000008781d348      0x44c drivers/built-in.o
 .text.video_invertchar
                0x000000008781d794       0x74 drivers/built-in.o
 .text.draw_bitmap
                0x000000008781d808       0xdc drivers/built-in.o
 .text.video_putc.part.1
                0x000000008781d8e4       0x28 drivers/built-in.o
 .text.console_newline.constprop.3
                0x000000008781d90c       0xe0 drivers/built-in.o
 .text.board_cfb_skip
                0x000000008781d9ec        0x8 drivers/built-in.o
                0x000000008781d9ec                board_cfb_skip
 .text.console_cursor
                0x000000008781d9f4       0xa8 drivers/built-in.o
                0x000000008781d9f4                console_cursor
 .text.video_putc
                0x000000008781da9c      0x1a4 drivers/built-in.o
 .text.video_puts
                0x000000008781dc40       0x7c drivers/built-in.o
 .text.video_set_lut
                0x000000008781dcbc        0x4 drivers/built-in.o
                0x000000008781dcbc                video_set_lut
 .text.display_rle8_bitmap
                0x000000008781dcc0      0x374 drivers/built-in.o
 .text.plot_logo_or_black
                0x000000008781e034      0x284 drivers/built-in.o
 .text.do_clrlogo
                0x000000008781e2b8       0x44 drivers/built-in.o
 .text.video_display_bitmap
                0x000000008781e2fc      0x934 drivers/built-in.o
                0x000000008781e2fc                video_display_bitmap
 .text.video_clear
                0x000000008781ec30       0x54 drivers/built-in.o
                0x000000008781ec30                video_clear
 .text.drv_video_init
                0x000000008781ec84      0x424 drivers/built-in.o
                0x000000008781ec84                drv_video_init
 .text.mxsfb_system_setup
                0x000000008781f0a8        0x4 drivers/built-in.o
                0x000000008781f0a8                mxsfb_system_setup
 .text.mxs_lcd_panel_setup
                0x000000008781f0ac       0x78 drivers/built-in.o
                0x000000008781f0ac                mxs_lcd_panel_setup
 .text.lcdif_power_down
                0x000000008781f124       0x6c drivers/built-in.o
                0x000000008781f124                lcdif_power_down
 .text.video_hw_init
                0x000000008781f190      0x394 drivers/built-in.o
                0x000000008781f190                video_hw_init
 .text.video_get_param_len.constprop.1
                0x000000008781f524       0x20 drivers/built-in.o
 .text.video_get_params
                0x000000008781f544      0x4d8 drivers/built-in.o
                0x000000008781f544                video_get_params
 .text.reset_cpu
                0x000000008781fa1c       0x48 drivers/built-in.o
                0x000000008781fa1c                reset_cpu
 .text.thermal_get_temp
                0x000000008781fa64       0x20 drivers/built-in.o
                0x000000008781fa64                thermal_get_temp
 *fill*         0x000000008781fa84        0x4 
 .text.read_cpu_temperature
                0x000000008781fa88      0x14c drivers/built-in.o
 .text.imx_thermal_get_temp
                0x000000008781fbd4       0x64 drivers/built-in.o
                0x000000008781fbd4                imx_thermal_get_temp
 .text.imx_thermal_probe
                0x000000008781fc38       0xc8 drivers/built-in.o
 .text.mxs_dma_validate_chan
                0x000000008781fd00       0x34 drivers/dma/built-in.o
                0x000000008781fd00                mxs_dma_validate_chan
 .text.mxs_dma_ack_irq
                0x000000008781fd34       0x30 drivers/dma/built-in.o
 .text.mxs_dma_reset
                0x000000008781fd64       0x30 drivers/dma/built-in.o
 .text.mxs_dma_flush_desc
                0x000000008781fd94        0x8 drivers/dma/built-in.o
                0x000000008781fd94                mxs_dma_flush_desc
 .text.mxs_dma_release
                0x000000008781fd9c       0x48 drivers/dma/built-in.o
                0x000000008781fd9c                mxs_dma_release
 .text.mxs_dma_desc_alloc
                0x000000008781fde4       0x30 drivers/dma/built-in.o
                0x000000008781fde4                mxs_dma_desc_alloc
 .text.mxs_dma_desc_free
                0x000000008781fe14        0xc drivers/dma/built-in.o
                0x000000008781fe14                mxs_dma_desc_free
 .text.mxs_dma_desc_append
                0x000000008781fe20       0xc8 drivers/dma/built-in.o
                0x000000008781fe20                mxs_dma_desc_append
 .text.mxs_dma_go
                0x000000008781fee8      0x2f8 drivers/dma/built-in.o
                0x000000008781fee8                mxs_dma_go
 .text.mxs_dma_init
                0x00000000878201e0       0x4c drivers/dma/built-in.o
                0x00000000878201e0                mxs_dma_init
 .text.mxs_dma_init_channel
                0x000000008782022c       0x80 drivers/dma/built-in.o
                0x000000008782022c                mxs_dma_init_channel
 .text.gpio_set_value
                0x00000000878202ac       0x44 drivers/gpio/built-in.o
                0x00000000878202ac                gpio_set_value
 .text.gpio_get_value
                0x00000000878202f0       0x34 drivers/gpio/built-in.o
                0x00000000878202f0                gpio_get_value
 .text.gpio_request
                0x0000000087820324       0x10 drivers/gpio/built-in.o
                0x0000000087820324                gpio_request
 .text.gpio_free
                0x0000000087820334        0x8 drivers/gpio/built-in.o
                0x0000000087820334                gpio_free
 .text.gpio_direction_input
                0x000000008782033c       0x3c drivers/gpio/built-in.o
                0x000000008782033c                gpio_direction_input
 .text.gpio_direction_output
                0x0000000087820378       0x50 drivers/gpio/built-in.o
                0x0000000087820378                gpio_direction_output
 .text.i2c_get_adapter
                0x00000000878203c8       0x64 drivers/i2c/built-in.o
                0x00000000878203c8                i2c_get_adapter
 .text.i2c_init_bus
                0x000000008782042c       0x90 drivers/i2c/built-in.o
 .text.i2c_get_bus_num
                0x00000000878204bc        0x8 drivers/i2c/built-in.o
                0x00000000878204bc                i2c_get_bus_num
 .text.i2c_set_bus_num
                0x00000000878204c4       0xb8 drivers/i2c/built-in.o
                0x00000000878204c4                i2c_set_bus_num
 .text.i2c_init_all
                0x000000008782057c       0x14 drivers/i2c/built-in.o
                0x000000008782057c                i2c_init_all
 .text.i2c_probe
                0x0000000087820590       0x2c drivers/i2c/built-in.o
                0x0000000087820590                i2c_probe
 .text.i2c_read
                0x00000000878205bc       0x4c drivers/i2c/built-in.o
                0x00000000878205bc                i2c_read
 .text.i2c_write
                0x0000000087820608       0x4c drivers/i2c/built-in.o
                0x0000000087820608                i2c_write
 .text.i2c_set_bus_speed
                0x0000000087820654       0x64 drivers/i2c/built-in.o
                0x0000000087820654                i2c_set_bus_speed
 .text.i2c_get_bus_speed
                0x00000000878206b8       0x14 drivers/i2c/built-in.o
                0x00000000878206b8                i2c_get_bus_speed
 .text.i2c_init
                0x00000000878206cc       0x14 drivers/i2c/built-in.o
                0x00000000878206cc                i2c_init
 .text.wait_for_sr_state
                0x00000000878206e0      0x100 drivers/i2c/built-in.o
 .text.tx_byte  0x00000000878207e0       0x50 drivers/i2c/built-in.o
 .text.bus_i2c_set_bus_speed
                0x0000000087820830       0xb4 drivers/i2c/built-in.o
 .text.mxc_i2c_set_bus_speed
                0x00000000878208e4       0x18 drivers/i2c/built-in.o
 .text.i2c_imx_stop
                0x00000000878208fc       0x50 drivers/i2c/built-in.o
 .text.__i2c_force_reset_slave
                0x000000008782094c        0x4 drivers/i2c/built-in.o
                0x000000008782094c                __i2c_force_reset_slave
                0x000000008782094c                i2c_force_reset_slave
 .text.i2c_idle_bus
                0x0000000087820950       0x24 drivers/i2c/built-in.o
                0x0000000087820950                i2c_idle_bus
 .text.i2c_init_transfer
                0x0000000087820974      0x230 drivers/i2c/built-in.o
 .text.mxc_i2c_probe
                0x0000000087820ba4       0x40 drivers/i2c/built-in.o
 .text.mxc_i2c_read
                0x0000000087820be4      0x184 drivers/i2c/built-in.o
 .text.mxc_i2c_write
                0x0000000087820d68       0x6c drivers/i2c/built-in.o
 .text.bus_i2c_init
                0x0000000087820dd4       0x90 drivers/i2c/built-in.o
                0x0000000087820dd4                bus_i2c_init
 .text.mxc_i2c_init
                0x0000000087820e64       0x1c drivers/i2c/built-in.o
 .text.esdhc_getcd
                0x0000000087820e80       0x40 drivers/mmc/built-in.o
 .text.esdhc_set_ios
                0x0000000087820ec0      0x124 drivers/mmc/built-in.o
 .text.esdhc_init
                0x0000000087820fe4       0xa8 drivers/mmc/built-in.o
 .text.check_and_invalidate_dcache_range.isra.0
                0x000000008782108c       0x30 drivers/mmc/built-in.o
 .text.esdhc_send_cmd
                0x00000000878210bc      0x3e8 drivers/mmc/built-in.o
 .text.fsl_esdhc_initialize
                0x00000000878214a4      0x188 drivers/mmc/built-in.o